remote: Enumerating objects: 3001, done.
remote: Counting objects: 100% (1679/1679), done.
remote: Compressing objects: 100% (510/510), done.
remote: Total 3001 (delta 1473), reused 1169 (delta 1169), pack-reused 1322 (from 5)
Receiving objects: 100% (3001/3001), 2.69 MiB | 6.23 MiB/s, done.
Resolving deltas: 100% (1958/1958), completed with 330 local objects.
From https://github.com/spack/spack
   ec3367bb06..86305d08f1  develop                                                             -> origin/develop
 + 3fd67a2506...d2a3afc8d2 bugfix-finalization-for-concretization-caching                      -> origin/bugfix-finalization-for-concretization-caching  (forced update)
 * [new branch]            bugfix/0-columns-output                                             -> origin/bugfix/0-columns-output
 * [new branch]            bugfix/deactivate-nonexistent-env                                   -> origin/bugfix/deactivate-nonexistent-env
 + 2d46de5741...267b5179d3 bugfix/transactional-concretization                                 -> origin/bugfix/transactional-concretization  (forced update)
 * [new branch]            dependabot/github_actions/actions/labeler-6.1.0                     -> origin/dependabot/github_actions/actions/labeler-6.1.0
 * [new branch]            dependabot/pip/dot-github/workflows/requirements/style/mypy-2.0.0   -> origin/dependabot/pip/dot-github/workflows/requirements/style/mypy-2.0.0
 * [new branch]            dependabot/pip/dot-github/workflows/requirements/style/ruff-0.15.12 -> origin/dependabot/pip/dot-github/workflows/requirements/style/ruff-0.15.12
 * [new branch]            env-mods-only-when-in-view                                          -> origin/env-mods-only-when-in-view
 * [new branch]            features/usages-edge-variants                                       -> origin/features/usages-edge-variants
 * [new branch]            hs/docs/startup                                                     -> origin/hs/docs/startup
 * [new branch]            hs/feature/sandbox                                                  -> origin/hs/feature/sandbox
 * [new branch]            hs/feature/show-asp-full                                            -> origin/hs/feature/show-asp-full
 * [new branch]            hs/fix/checksum-new                                                 -> origin/hs/fix/checksum-new
 * [new branch]            hs/fix/darwin-forkserver                                            -> origin/hs/fix/darwin-forkserver
 * [new branch]            hs/fix/external-find                                                -> origin/hs/fix/external-find
 * [new branch]            hs/fix/failure-tracker                                              -> origin/hs/fix/failure-tracker
 + 153c321363...ab2b8a47bb hs/fix/parser-speed-2                                               -> origin/hs/fix/parser-speed-2  (forced update)
 * [new branch]            hs/fix/parser-speed-4                                               -> origin/hs/fix/parser-speed-4
 * [new branch]            hs/fix/sbang-length                                                 -> origin/hs/fix/sbang-length
 * [new branch]            hs/fix/ty-errors                                                    -> origin/hs/fix/ty-errors
 * [new branch]            hs/fix/view-no-indirection                                          -> origin/hs/fix/view-no-indirection
 * [new branch]            hs/new-installer/failure-markers                                    -> origin/hs/new-installer/failure-markers
 * [new branch]            hs/new-installer/splicing                                           -> origin/hs/new-installer/splicing
 * [new branch]            installer/use-colorize                                              -> origin/installer/use-colorize
 * [new branch]            package-hash-remove-detection-methods                               -> origin/package-hash-remove-detection-methods
 * [new branch]            show-error-before-secondary-solve                                   -> origin/show-error-before-secondary-solve
Updating ec3367bb06..86305d08f1
Updating files: 100% (353/353), done.
Fast-forward
 .github/dependabot.yml                                                              |    7 +-
 .github/workflows/bootstrap.yml                                                     |   44 ++-
 .github/workflows/build-containers.yml                                              |   18 +-
 .github/workflows/ci.yaml                                                           |    4 +-
 .github/workflows/coverage.yml                                                      |    8 +-
 .github/workflows/import-check.yaml                                                 |   12 +-
 .github/workflows/prechecks.yml                                                     |    8 +-
 .github/workflows/requirements/coverage/requirements.txt                            |    2 +-
 .github/workflows/requirements/style/requirements.txt                               |    4 +-
 .github/workflows/requirements/unit_tests/requirements.txt                          |    5 +
 .github/workflows/stale.yaml                                                        |    2 +-
 .github/workflows/triage.yml                                                        |    2 +-
 .github/workflows/unit_tests.yaml                                                   |   55 ++--
 .gitignore                                                                          |    7 +
 .mailmap                                                                            |    1 +
 CITATION.cff                                                                        |   19 +-
 NEWS.md                                                                             |    3 +
 etc/spack/defaults/base/config.yaml                                                 |    8 +-
 etc/spack/defaults/base/packages.yaml                                               |    6 +-
 etc/spack/defaults/windows/config.yaml                                              |    1 +
 lib/spack/docs/advanced_topics.rst                                                  |    2 +
 lib/spack/docs/bootstrapping.rst                                                    |    8 -
 lib/spack/docs/conf.py                                                              |    3 +
 lib/spack/docs/configuring_compilers.rst                                            |    2 +-
 lib/spack/docs/developer_guide.rst                                                  |   77 ++++-
 lib/spack/docs/environments.rst                                                     |  175 ++++++-----
 lib/spack/docs/frequently_asked_questions.rst                                       |   24 ++
 lib/spack/docs/getting_started.rst                                                  |   58 +---
 lib/spack/docs/include_yaml.rst                                                     |   57 ++--
 lib/spack/docs/index.rst                                                            |    1 +
 lib/spack/docs/installing.rst                                                       |  148 +++++++++
 lib/spack/docs/package_api.rst                                                      |   32 ++
 lib/spack/docs/package_fundamentals.rst                                             |   11 +-
 lib/spack/docs/package_review_guide.rst                                             |    2 +-
 lib/spack/docs/packaging_guide_creation.rst                                         |   18 +-
 lib/spack/docs/requirements.txt                                                     |    5 +-
 lib/spack/spack/__init__.py                                                         |    4 +-
 lib/spack/spack/audit.py                                                            |  153 +++++++---
 lib/spack/spack/binary_distribution.py                                              |  550 ++++++++++++++++++----------------
 lib/spack/spack/bootstrap/_common.py                                                |    1 +
 lib/spack/spack/bootstrap/clingo.py                                                 |    1 +
 lib/spack/spack/bootstrap/config.py                                                 |    4 +-
 lib/spack/spack/bootstrap/core.py                                                   |   14 +-
 lib/spack/spack/bootstrap/environment.py                                            |   71 +++--
 lib/spack/spack/bootstrap/status.py                                                 |   26 +-
 lib/spack/spack/build_environment.py                                                |   28 +-
 lib/spack/spack/buildcache_migrate.py                                               |    7 +-
 lib/spack/spack/buildcache_prune.py                                                 |  320 ++++++++------------
 lib/spack/spack/caches.py                                                           |   25 +-
 lib/spack/spack/ci/__init__.py                                                      |   12 +-
 lib/spack/spack/ci/common.py                                                        |   11 +-
 lib/spack/spack/ci/generator_registry.py                                            |    1 +
 lib/spack/spack/cmd/__init__.py                                                     |   29 +-
 lib/spack/spack/cmd/add.py                                                          |    2 +-
 lib/spack/spack/cmd/audit.py                                                        |    2 +-
 lib/spack/spack/cmd/bootstrap.py                                                    |    8 +-
 lib/spack/spack/cmd/buildcache.py                                                   |  108 +++++--
 lib/spack/spack/cmd/change.py                                                       |   11 +-
 lib/spack/spack/cmd/ci.py                                                           |   26 +-
 lib/spack/spack/cmd/commands.py                                                     |   62 ++--
 lib/spack/spack/cmd/common/arguments.py                                             |    8 +-
 lib/spack/spack/cmd/common/spec_strings.py                                          |  232 ++++++++++++++
 lib/spack/spack/cmd/concretize.py                                                   |    2 +-
 lib/spack/spack/cmd/config.py                                                       |   26 +-
 lib/spack/spack/cmd/create.py                                                       |    9 +-
 lib/spack/spack/cmd/deconcretize.py                                                 |    8 +-
 lib/spack/spack/cmd/dependencies.py                                                 |    2 +-
 lib/spack/spack/cmd/dependents.py                                                   |    2 +-
 lib/spack/spack/cmd/deprecate.py                                                    |    4 +-
 lib/spack/spack/cmd/dev_build.py                                                    |   13 +-
 lib/spack/spack/cmd/develop.py                                                      |   12 +-
 lib/spack/spack/cmd/diff.py                                                         |    4 +-
 lib/spack/spack/cmd/env.py                                                          |    8 +-
 lib/spack/spack/cmd/extensions.py                                                   |    2 +-
 lib/spack/spack/cmd/fetch.py                                                        |    7 +-
 lib/spack/spack/cmd/find.py                                                         |    8 +-
 lib/spack/spack/cmd/gc.py                                                           |    5 +-
 lib/spack/spack/cmd/gpg.py                                                          |   18 +-
 lib/spack/spack/cmd/graph.py                                                        |    4 +-
 lib/spack/spack/cmd/info.py                                                         |    4 +-
 lib/spack/spack/cmd/install.py                                                      |   20 +-
 lib/spack/spack/cmd/list.py                                                         |    4 +-
 lib/spack/spack/cmd/location.py                                                     |    6 +-
 lib/spack/spack/cmd/log_parse.py                                                    |   51 ++--
 lib/spack/spack/cmd/logs.py                                                         |    4 +-
 lib/spack/spack/cmd/maintainers.py                                                  |    5 +-
 lib/spack/spack/cmd/mirror.py                                                       |   25 +-
 lib/spack/spack/cmd/patch.py                                                        |    2 +-
 lib/spack/spack/cmd/pkg.py                                                          |   13 +-
 lib/spack/spack/cmd/python.py                                                       |    4 +-
 lib/spack/spack/cmd/remove.py                                                       |    2 +-
 lib/spack/spack/cmd/repo.py                                                         |  148 +++++++--
 lib/spack/spack/cmd/resource.py                                                     |    4 +-
 lib/spack/spack/cmd/restage.py                                                      |    3 +-
 lib/spack/spack/cmd/solve.py                                                        |    2 +-
 lib/spack/spack/cmd/spec.py                                                         |    3 +-
 lib/spack/spack/cmd/stage.py                                                        |    5 +-
 lib/spack/spack/cmd/style.py                                                        |  507 ++++++++-----------------------
 lib/spack/spack/cmd/tags.py                                                         |    2 +-
 lib/spack/spack/cmd/undevelop.py                                                    |    5 +-
 lib/spack/spack/cmd/uninstall.py                                                    |    6 +-
 lib/spack/spack/cmd/unload.py                                                       |    5 +-
 lib/spack/spack/cmd/verify.py                                                       |   27 +-
 lib/spack/spack/cmd/view.py                                                         |    1 +
 lib/spack/spack/compilers/config.py                                                 |   32 +-
 lib/spack/spack/compilers/libraries.py                                              |   37 +--
 lib/spack/spack/concretize.py                                                       |    7 +-
 lib/spack/spack/config.py                                                           |  208 +++++++++----
 lib/spack/spack/container/__init__.py                                               |    1 +
 lib/spack/spack/container/images.py                                                 |    1 +
 lib/spack/spack/container/writers.py                                                |    3 +-
 lib/spack/spack/database.py                                                         |   48 +--
 lib/spack/spack/dependency.py                                                       |    1 +
 lib/spack/spack/detection/common.py                                                 |    1 +
 lib/spack/spack/detection/path.py                                                   |   12 +-
 lib/spack/spack/detection/test.py                                                   |    1 +
 lib/spack/spack/directives.py                                                       |    6 +-
 lib/spack/spack/directory_layout.py                                                 |    6 +-
 lib/spack/spack/enums.py                                                            |    1 +
 lib/spack/spack/environment/__init__.py                                             |   11 +-
 lib/spack/spack/environment/environment.py                                          |  400 ++++++++++++++++---------
 lib/spack/spack/environment/list.py                                                 |   18 +-
 lib/spack/spack/environment/shell.py                                                |    2 +-
 lib/spack/spack/error.py                                                            |    4 +
 lib/spack/spack/extensions.py                                                       |    1 +
 lib/spack/spack/externals.py                                                        |   10 +
 lib/spack/spack/fetch_strategy.py                                                   |   91 ++++--
 lib/spack/spack/filesystem_view.py                                                  |   57 ++--
 lib/spack/spack/graph.py                                                            |    5 +-
 lib/spack/spack/hooks/__init__.py                                                   |    1 +
 lib/spack/spack/hooks/licensing.py                                                  |   16 +-
 lib/spack/spack/hooks/sbang.py                                                      |   57 ----
 lib/spack/spack/install_test.py                                                     |   30 +-
 lib/spack/spack/installer.py                                                        |   72 ++---
 lib/spack/spack/installer_dispatch.py                                               |   86 ++++++
 lib/spack/spack/llnl/path.py                                                        |    1 +
 lib/spack/spack/llnl/string.py                                                      |    1 +
 lib/spack/spack/llnl/url.py                                                         |   11 +-
 lib/spack/spack/llnl/util/argparsewriter.py                                         |   16 +-
 lib/spack/spack/llnl/util/filesystem.py                                             |    1 -
 lib/spack/spack/llnl/util/lang.py                                                   |   15 +-
 lib/spack/spack/llnl/util/link_tree.py                                              |  319 ++++++++++++--------
 lib/spack/spack/llnl/util/lock.py                                                   |  139 +++++----
 lib/spack/spack/llnl/util/tty/__init__.py                                           |   32 +-
 lib/spack/spack/llnl/util/tty/colify.py                                             |    1 +
 lib/spack/spack/llnl/util/tty/color.py                                              |   13 +-
 lib/spack/spack/llnl/util/tty/log.py                                                |  297 ++++++++++++------
 lib/spack/spack/main.py                                                             |   87 +++---
 lib/spack/spack/mirrors/mirror.py                                                   |  123 +++-----
 lib/spack/spack/mirrors/utils.py                                                    |    6 +
 lib/spack/spack/mixins.py                                                           |    1 +
 lib/spack/spack/modules/common.py                                                   |    1 +
 lib/spack/spack/modules/tcl.py                                                      |    1 +
 lib/spack/spack/multimethod.py                                                      |    7 +-
 lib/spack/spack/new_installer.py                                                    | 1793 +++++++++++++++++++++++++++++++++++++++++++++++++++++++++++++++++++++++++++++++++++++++----------------------
 lib/spack/spack/oci/oci.py                                                          |   94 +++---
 lib/spack/spack/oci/opener.py                                                       |   31 +-
 lib/spack/spack/package.py                                                          |    3 +-
 lib/spack/spack/package_base.py                                                     |   20 +-
 lib/spack/spack/patch.py                                                            |   28 +-
 lib/spack/spack/paths.py                                                            |    1 +
 lib/spack/spack/provider_index.py                                                   |    1 +
 lib/spack/spack/relocate.py                                                         |    5 +-
 lib/spack/spack/repo.py                                                             |  170 +++++++----
 lib/spack/spack/repo_migrate.py                                                     |    1 -
 lib/spack/spack/report.py                                                           |   74 ++++-
 lib/spack/spack/reporters/cdash.py                                                  |   20 +-
 lib/spack/spack/rewiring.py                                                         |    4 +-
 lib/spack/spack/schema/__init__.py                                                  |    1 +
 lib/spack/spack/schema/bootstrap.py                                                 |   14 +
 lib/spack/spack/schema/buildcache_spec.py                                           |    1 +
 lib/spack/spack/schema/cdash.py                                                     |    1 +
 lib/spack/spack/schema/ci.py                                                        |   20 +-
 lib/spack/spack/schema/compilers.py                                                 |    4 +-
 lib/spack/spack/schema/concretizer.py                                               |    1 +
 lib/spack/spack/schema/config.py                                                    |    7 +-
 lib/spack/spack/schema/container.py                                                 |    1 +
 lib/spack/spack/schema/cray_manifest.py                                             |    1 +
 lib/spack/spack/schema/database_index.py                                            |    1 +
 lib/spack/spack/schema/definitions.py                                               |    1 +
 lib/spack/spack/schema/develop.py                                                   |    3 +-
 lib/spack/spack/schema/env.py                                                       |   42 ++-
 lib/spack/spack/schema/env_vars.py                                                  |    4 +-
 lib/spack/spack/schema/environment.py                                               |    6 +-
 lib/spack/spack/schema/include.py                                                   |    1 +
 lib/spack/spack/schema/merged.py                                                    |   24 +-
 lib/spack/spack/schema/mirrors.py                                                   |    1 +
 lib/spack/spack/schema/modules.py                                                   |   25 +-
 lib/spack/spack/schema/packages.py                                                  |    4 +-
 lib/spack/spack/schema/projections.py                                               |   45 +--
 lib/spack/spack/schema/spec.py                                                      |    1 +
 lib/spack/spack/schema/spec_list.py                                                 |    2 +-
 lib/spack/spack/schema/toolchains.py                                                |    1 +
 lib/spack/spack/schema/url_buildcache_manifest.py                                   |    1 +
 lib/spack/spack/schema/view.py                                                      |   11 +-
 lib/spack/spack/solver/asp.py                                                       |  171 ++++++-----
 lib/spack/spack/solver/concretize.lp                                                |  161 +++++-----
 lib/spack/spack/solver/core.py                                                      |    9 +-
 lib/spack/spack/solver/input_analysis.py                                            |    3 +-
 lib/spack/spack/solver/requirements.py                                              |  151 +++++++++-
 lib/spack/spack/solver/reuse.py                                                     |    6 +-
 lib/spack/spack/solver/runtimes.py                                                  |    8 +-
 lib/spack/spack/spec.py                                                             |  366 +++++++++++------------
 lib/spack/spack/spec_parser.py                                                      |  244 +++++++--------
 lib/spack/spack/stage.py                                                            |   33 +-
 lib/spack/spack/store.py                                                            |   69 ++++-
 lib/spack/spack/subprocess_context.py                                               |    1 +
 lib/spack/spack/tag.py                                                              |    1 +
 lib/spack/spack/test/binary_distribution.py                                         |  104 +++++--
 lib/spack/spack/test/bootstrap.py                                                   |    4 +-
 lib/spack/spack/test/build_environment.py                                           |   38 ++-
 lib/spack/spack/test/cc.py                                                          |    1 +
 lib/spack/spack/test/cmd/audit.py                                                   |    3 +-
 lib/spack/spack/test/cmd/buildcache.py                                              |  198 +++++++++++-
 lib/spack/spack/test/cmd/checksum.py                                                |    4 +
 lib/spack/spack/test/cmd/ci.py                                                      |    6 +-
 lib/spack/spack/test/cmd/commands.py                                                |    8 +
 lib/spack/spack/test/cmd/common/spec_strings.py                                     |  112 +++++++
 lib/spack/spack/test/cmd/compiler.py                                                |   11 +-
 lib/spack/spack/test/cmd/config.py                                                  |   28 +-
 lib/spack/spack/test/cmd/create.py                                                  |    2 +-
 lib/spack/spack/test/cmd/dependencies.py                                            |   11 +-
 lib/spack/spack/test/cmd/dev_build.py                                               |   47 +--
 lib/spack/spack/test/cmd/env.py                                                     |  317 ++++++++++++++++++--
 lib/spack/spack/test/cmd/external.py                                                |   37 +--
 lib/spack/spack/test/cmd/find.py                                                    |   29 +-
 lib/spack/spack/test/cmd/gc.py                                                      |   66 ++++
 lib/spack/spack/test/cmd/gpg.py                                                     |    2 +-
 lib/spack/spack/test/cmd/info.py                                                    |    3 +-
 lib/spack/spack/test/cmd/install.py                                                 |  139 ++++++---
 lib/spack/spack/test/cmd/list.py                                                    |   18 +-
 lib/spack/spack/test/cmd/location.py                                                |   20 +-
 lib/spack/spack/test/cmd/logs.py                                                    |    4 +-
 lib/spack/spack/test/cmd/mirror.py                                                  |   41 ++-
 lib/spack/spack/test/cmd/print_shell_vars.py                                        |   20 --
 lib/spack/spack/test/cmd/python.py                                                  |    3 +-
 lib/spack/spack/test/cmd/repo.py                                                    |  109 +++++++
 lib/spack/spack/test/cmd/spec.py                                                    |    2 +-
 lib/spack/spack/test/cmd/stage.py                                                   |    6 +-
 lib/spack/spack/test/cmd/style.py                                                   |  260 +++++-----------
 lib/spack/spack/test/cmd/tags.py                                                    |   10 +-
 lib/spack/spack/test/cmd/verify.py                                                  |    1 +
 lib/spack/spack/test/cmd_extensions.py                                              |    4 +-
 lib/spack/spack/test/compilers/conversion.py                                        |    1 +
 lib/spack/spack/test/compilers/libraries.py                                         |   18 ++
 lib/spack/spack/test/concretization/core.py                                         |  161 +++++++++-
 lib/spack/spack/test/concretization/errors.py                                       |  189 ++++++++++++
 lib/spack/spack/test/concretization/requirements.py                                 |    8 +-
 lib/spack/spack/test/config.py                                                      |  178 ++++++++---
 lib/spack/spack/test/conftest.py                                                    |   59 +++-
 lib/spack/spack/test/cray_manifest.py                                               |    1 +
 lib/spack/spack/test/data/config/config.yaml                                        |    1 +
 lib/spack/spack/test/database.py                                                    |   13 +-
 lib/spack/spack/test/detection.py                                                   |   38 +++
 lib/spack/spack/test/directory_layout.py                                            |    1 +
 lib/spack/spack/test/env.py                                                         |   63 +++-
 lib/spack/spack/test/environment/mutate.py                                          |   45 ++-
 lib/spack/spack/test/error_messages.py                                              |   88 ++++++
 lib/spack/spack/test/externals.py                                                   |   32 ++
 lib/spack/spack/test/git_fetch.py                                                   |    3 +
 lib/spack/spack/test/installer.py                                                   |   28 +-
 lib/spack/spack/test/installer_build_graph.py                                       |  274 +++++++++++++++++
 lib/spack/spack/test/installer_tui.py                                               |  457 +++++++++++++++++++++++++++-
 lib/spack/spack/test/jobserver.py                                                   |  149 +++++++++
 lib/spack/spack/test/llnl/url.py                                                    |    1 +
 lib/spack/spack/test/llnl/util/filesystem.py                                        |    1 +
 lib/spack/spack/test/llnl/util/lang.py                                              |    9 +
 lib/spack/spack/test/llnl/util/link_tree.py                                         |  167 ++++++++---
 lib/spack/spack/test/llnl/util/lock.py                                              |  284 +++++++++++-------
 lib/spack/spack/test/llnl/util/symlink.py                                           |    1 +
 lib/spack/spack/test/llnl/util/tty/log.py                                           |   33 +-
 lib/spack/spack/test/main.py                                                        |   13 +-
 lib/spack/spack/test/make_executable.py                                             |    1 +
 lib/spack/spack/test/mirror.py                                                      |   76 ++---
 lib/spack/spack/test/modules/common.py                                              |    8 +-
 lib/spack/spack/test/modules/tcl.py                                                 |   78 ++---
 lib/spack/spack/test/new_installer.py                                               |  279 ++++++++++++-----
 lib/spack/spack/test/oci/image.py                                                   |   10 +-
 lib/spack/spack/test/oci/integration_test.py                                        |    2 +-
 lib/spack/spack/test/oci/mock_registry.py                                           |    7 +-
 lib/spack/spack/test/package_class.py                                               |    6 +
 lib/spack/spack/test/packaging.py                                                   |    1 +
 lib/spack/spack/test/patch.py                                                       |   33 +-
 lib/spack/spack/test/provider_index.py                                              |    1 +
 lib/spack/spack/test/repo.py                                                        |    6 +-
 lib/spack/spack/test/reporters.py                                                   |   12 +-
 lib/spack/spack/test/sbang.py                                                       |   11 +-
 lib/spack/spack/test/schema.py                                                      |    6 +
 lib/spack/spack/test/spack_yaml.py                                                  |    1 +
 lib/spack/spack/test/spec_dag.py                                                    |    1 +
 lib/spack/spack/test/spec_semantics.py                                              |   85 +++++-
 lib/spack/spack/test/spec_syntax.py                                                 |   16 +-
 lib/spack/spack/test/spec_yaml.py                                                   |    5 +-
 lib/spack/spack/test/stage.py                                                       |   16 +
 lib/spack/spack/test/tag.py                                                         |    1 +
 lib/spack/spack/test/test_suite.py                                                  |    6 -
 lib/spack/spack/test/util/environment.py                                            |    1 +
 lib/spack/spack/test/util/executable.py                                             |   18 +-
 lib/spack/spack/test/util/file_cache.py                                             |   53 ++--
 lib/spack/spack/test/util/log_parser.py                                             |  195 +++++++++++-
 lib/spack/spack/test/util/module_cmd.py                                             |   57 ++++
 lib/spack/spack/test/util/path.py                                                   |  107 ++++---
 lib/spack/spack/test/util/spack_lock_wrapper.py                                     |    1 +
 lib/spack/spack/test/util/util_url.py                                               |    1 +
 lib/spack/spack/test/utilities.py                                                   |    1 +
 lib/spack/spack/test/verification.py                                                |    1 +
 lib/spack/spack/test/versions.py                                                    |    1 +
 lib/spack/spack/test/views.py                                                       |   84 ++++++
 lib/spack/spack/test/web.py                                                         |   61 ++++
 lib/spack/spack/tokenize.py                                                         |    1 +
 lib/spack/spack/url.py                                                              |    3 +-
 lib/spack/spack/url_buildcache.py                                                   |   15 +-
 lib/spack/spack/util/ctest_log_parser.py                                            |  369 ++++++++++++-----------
 lib/spack/spack/util/debug.py                                                       |   80 -----
 lib/spack/spack/util/editor.py                                                      |    1 +
 lib/spack/spack/util/environment.py                                                 |    1 +
 lib/spack/spack/util/executable.py                                                  |  149 ++++-----
 lib/spack/spack/util/file_cache.py                                                  |  181 +++++------
 lib/spack/spack/util/git.py                                                         |   33 +-
 lib/spack/spack/util/lock.py                                                        |   10 +
 lib/spack/spack/util/log_parse.py                                                   |  118 +++-----
 lib/spack/spack/util/module_cmd.py                                                  |   24 +-
 lib/spack/spack/util/path.py                                                        |   82 +++--
 lib/spack/spack/util/prefix.py                                                      |    1 +
 lib/spack/spack/util/remote_file_cache.py                                           |    8 +-
 lib/spack/spack/util/spack_json.py                                                  |   28 +-
 lib/spack/spack/util/spack_yaml.py                                                  |    1 +
 lib/spack/spack/util/timer.py                                                       |    3 +-
 lib/spack/spack/util/typing.py                                                      |    1 -
 lib/spack/spack/util/unparse/unparser.py                                            |    1 +
 lib/spack/spack/util/web.py                                                         |  116 ++++++-
 lib/spack/spack/variant.py                                                          |   18 +-
 lib/spack/spack/verify.py                                                           |    2 +-
 lib/spack/spack/version/git_ref_lookup.py                                           |    7 +-
 lib/spack/spack/version/version_types.py                                            |    2 +-
 pyproject.toml                                                                      |   43 +--
 share/spack/qa/config_state.py                                                      |    1 +
 share/spack/qa/run-unit-tests                                                       |    2 -
 share/spack/setup-env.fish                                                          |   44 +--
 share/spack/setup-env.sh                                                            |   43 +--
 share/spack/spack-completion.bash                                                   |   19 +-
 share/spack/spack-completion.fish                                                   |   42 ++-
 share/spack/templates/bootstrap/spack.yaml                                          |   12 +-
 share/spack/templates/modules/modulefile.tcl                                        |   32 +-
 var/spack/test_repos/spack_repo/builtin_mock/packages/binutils_for_test/package.py  |   21 ++
 var/spack/test_repos/spack_repo/builtin_mock/packages/compiler_with_deps/package.py |   31 ++
 var/spack/test_repos/spack_repo/builtin_mock/packages/gcc/package.py                |    3 +
 var/spack/test_repos/spack_repo/builtin_mock/packages/mixing_parent/package.py      |    1 -
 var/spack/test_repos/spack_repo/builtin_mock/packages/pkg_with_zlib_dep/package.py  |   22 ++
 var/spack/test_repos/spack_repo/builtin_mock/packages/placeholder/package.py        |   22 ++
 var/spack/test_repos/spack_repo/builtin_mock/packages/{flake8 => ruff}/package.py   |   40 ++-
 var/spack/test_repos/spack_repo/tutorial/packages/hdf5/package.py                   |   13 +-
 352 files changed, 11196 insertions(+), 5220 deletions(-)
 create mode 100644 .github/workflows/requirements/unit_tests/requirements.txt
 create mode 100644 lib/spack/docs/installing.rst
 create mode 100644 lib/spack/spack/cmd/common/spec_strings.py
 create mode 100644 lib/spack/spack/installer_dispatch.py
 create mode 100644 lib/spack/spack/test/cmd/common/spec_strings.py
 create mode 100644 lib/spack/spack/test/util/module_cmd.py
 delete mode 100644 lib/spack/spack/util/debug.py
 create mode 100644 var/spack/test_repos/spack_repo/builtin_mock/packages/binutils_for_test/package.py
 create mode 100644 var/spack/test_repos/spack_repo/builtin_mock/packages/compiler_with_deps/package.py
 create mode 100644 var/spack/test_repos/spack_repo/builtin_mock/packages/pkg_with_zlib_dep/package.py
 create mode 100644 var/spack/test_repos/spack_repo/builtin_mock/packages/placeholder/package.py
 rename var/spack/test_repos/spack_repo/builtin_mock/packages/{flake8 => ruff}/package.py (59%)